// Jest Snapshot v1, https://goo.gl/fbAQLP

exports[`<Main2 /> should render the heading 1`] = `
<h1>
  Main2
</h1>
`;
